   0.000000000      -2.402055965    
   0.000000000      0.7967224673    
     
  0.4326964608      -2.402055965    
  0.4326964608      0.7967224673    
     
