    10 : nkpt; k-point, vkl, wkpt, nmat below
     1   0.000000000       0.000000000       0.000000000      0.1562500000E-01     401
     2  0.2500000000       0.000000000       0.000000000      0.9375000000E-01     397
     3  0.5000000000       0.000000000       0.000000000      0.4687500000E-01     372
     4  0.2500000000      0.2500000000       0.000000000      0.1875000000         374
     5  0.5000000000      0.2500000000       0.000000000      0.1875000000         386
     6  0.5000000000      0.5000000000       0.000000000      0.4687500000E-01     392
     7  0.2500000000      0.2500000000      0.2500000000      0.1250000000         386
     8  0.5000000000      0.2500000000      0.2500000000      0.1875000000         386
     9  0.5000000000      0.5000000000      0.2500000000      0.9375000000E-01     388
    10  0.5000000000      0.5000000000      0.5000000000      0.1562500000E-01     396
