    10 : nkpt; k-point, vkl, wkpt, nmat below
     1   0.000000000       0.000000000       0.000000000      0.1562500000E-01     205
     2  0.2500000000       0.000000000       0.000000000      0.9375000000E-01     200
     3  0.5000000000       0.000000000       0.000000000      0.4687500000E-01     208
     4  0.2500000000      0.2500000000       0.000000000      0.1875000000         197
     5  0.5000000000      0.2500000000       0.000000000      0.1875000000         198
     6  0.5000000000      0.5000000000       0.000000000      0.4687500000E-01     194
     7  0.2500000000      0.2500000000      0.2500000000      0.1250000000         194
     8  0.5000000000      0.2500000000      0.2500000000      0.1875000000         202
     9  0.5000000000      0.5000000000      0.2500000000      0.9375000000E-01     206
    10  0.5000000000      0.5000000000      0.5000000000      0.1562500000E-01     194
